
> react-example@0.0.0 build
> vite build && cp dist/index.html dist/404.html

vite v6.4.3 building for production...
transforming...
✓ 2197 modules transformed.
rendering chunks...
computing gzip size...
dist/index.html                   1.48 kB │ gzip:   0.54 kB
dist/assets/index-PIxFs_Sn.css   70.73 kB │ gzip:  11.15 kB
dist/assets/index-DPy62RuT.js   723.29 kB │ gzip: 208.89 kB

(!) Some chunks are larger than 500 kB after minification. Consider:
- Using dynamic import() to code-split the application
- Use build.rollupOptions.output.manualChunks to improve chunking: https://rollupjs.org/configuration-options/#output-manualchunks
- Adjust chunk size limit for this warning via build.chunkSizeWarningLimit.
✓ built in 5.16s
